[OrderedDict([('enum', 'Status'), ('data', ['good', 'bad', 'ugly'])])]
[{'enum_name': 'Status', 'enum_values': ['good', 'bad', 'ugly']}]
[]
