[OrderedDict([('id', 'eins')]), OrderedDict([('id', 'zwei')])]
[]
[]
