[OrderedDict([('enum', 'EnumOne'), ('data', ['value1', 'value2', 'value3'])]),
 OrderedDict([('type', 'NestedEnumsOne'), ('data', OrderedDict([('enum1', 'EnumOne'), ('*enum2', 'EnumOne'), ('enum3', 'EnumOne'), ('*enum4', 'EnumOne')]))]),
 OrderedDict([('type', 'UserDefZero'), ('data', OrderedDict([('integer', 'int')]))]),
 OrderedDict([('type', 'UserDefOne'), ('base', 'UserDefZero'), ('data', OrderedDict([('string', 'str'), ('*enum1', 'EnumOne')]))]),
 OrderedDict([('type', 'UserDefTwo'), ('data', OrderedDict([('string', 'str'), ('dict', OrderedDict([('string', 'str'), ('dict', OrderedDict([('userdef', 'UserDefOne'), ('string', 'str')])), ('*dict2', OrderedDict([('userdef', 'UserDefOne'), ('string', 'str')]))]))]))]),
 OrderedDict([('type', 'UserDefNested'), ('data', OrderedDict([('string0', 'str'), ('dict1', OrderedDict([('string1', 'str'), ('dict2', OrderedDict([('userdef1', 'UserDefOne'), ('string2', 'str')])), ('*dict3', OrderedDict([('userdef2', 'UserDefOne'), ('string3', 'str')]))]))]))]),
 OrderedDict([('type', 'UserDefA'), ('data', OrderedDict([('boolean', 'bool')]))]),
 OrderedDict([('type', 'UserDefB'), ('data', OrderedDict([('integer', 'int')]))]),
 OrderedDict([('type', 'UserDefC'), ('data', OrderedDict([('string1', 'str'), ('string2', 'str')]))]),
 OrderedDict([('union', 'UserDefUnion'), ('base', 'UserDefZero'), ('data', OrderedDict([('a', 'UserDefA'), ('b', 'UserDefB')]))]),
 OrderedDict([('type', 'UserDefUnionBase'), ('data', OrderedDict([('string', 'str'), ('enum1', 'EnumOne')]))]),
 OrderedDict([('union', 'UserDefFlatUnion'), ('base', 'UserDefUnionBase'), ('discriminator', 'enum1'), ('data', OrderedDict([('value1', 'UserDefA'), ('value2', 'UserDefB'), ('value3', 'UserDefB')]))]),
 OrderedDict([('union', 'UserDefFlatUnion2'), ('base', 'UserDefUnionBase'), ('discriminator', 'enum1'), ('data', OrderedDict([('value1', 'UserDefC'), ('value2', 'UserDefB'), ('value3', 'UserDefA')]))]),
 OrderedDict([('union', 'UserDefAnonUnion'), ('discriminator', OrderedDict()), ('data', OrderedDict([('uda', 'UserDefA'), ('s', 'str'), ('i', 'int')]))]),
 OrderedDict([('union', 'UserDefNativeListUnion'), ('data', OrderedDict([('integer', ['int']), ('s8', ['int8']), ('s16', ['int16']), ('s32', ['int32']), ('s64', ['int64']), ('u8', ['uint8']), ('u16', ['uint16']), ('u32', ['uint32']), ('u64', ['uint64']), ('number', ['number']), ('boolean', ['bool']), ('string', ['str'])]))]),
 OrderedDict([('command', 'user_def_cmd'), ('data', OrderedDict())]),
 OrderedDict([('command', 'user_def_cmd1'), ('data', OrderedDict([('ud1a', 'UserDefOne')]))]),
 OrderedDict([('command', 'user_def_cmd2'), ('data', OrderedDict([('ud1a', 'UserDefOne'), ('*ud1b', 'UserDefOne')])), ('returns', 'UserDefTwo')]),
 OrderedDict([('command', 'user_def_cmd3'), ('data', OrderedDict([('a', 'int'), ('*b', 'int')])), ('returns', 'int')]),
 OrderedDict([('type', 'UserDefOptions'), ('data', OrderedDict([('*i64', ['int']), ('*u64', ['uint64']), ('*u16', ['uint16']), ('*i64x', 'int'), ('*u64x', 'uint64')]))]),
 OrderedDict([('type', 'EventStructOne'), ('data', OrderedDict([('struct1', 'UserDefOne'), ('string', 'str'), ('*enum2', 'EnumOne')]))]),
 OrderedDict([('event', 'EVENT_A')]),
 OrderedDict([('event', 'EVENT_B'), ('data', OrderedDict())]),
 OrderedDict([('event', 'EVENT_C'), ('data', OrderedDict([('*a', 'int'), ('*b', 'UserDefOne'), ('c', 'str')]))]),
 OrderedDict([('event', 'EVENT_D'), ('data', OrderedDict([('a', 'EventStructOne'), ('b', 'str'), ('*c', 'str'), ('*enum3', 'EnumOne')]))])]
[{'enum_name': 'EnumOne', 'enum_values': ['value1', 'value2', 'value3']},
 {'enum_name': 'UserDefUnionKind', 'enum_values': None},
 {'enum_name': 'UserDefAnonUnionKind', 'enum_values': None},
 {'enum_name': 'UserDefNativeListUnionKind', 'enum_values': None}]
[OrderedDict([('type', 'NestedEnumsOne'), ('data', OrderedDict([('enum1', 'EnumOne'), ('*enum2', 'EnumOne'), ('enum3', 'EnumOne'), ('*enum4', 'EnumOne')]))]),
 OrderedDict([('type', 'UserDefZero'), ('data', OrderedDict([('integer', 'int')]))]),
 OrderedDict([('type', 'UserDefOne'), ('base', 'UserDefZero'), ('data', OrderedDict([('string', 'str'), ('*enum1', 'EnumOne')]))]),
 OrderedDict([('type', 'UserDefTwo'), ('data', OrderedDict([('string', 'str'), ('dict', OrderedDict([('string', 'str'), ('dict', OrderedDict([('userdef', 'UserDefOne'), ('string', 'str')])), ('*dict2', OrderedDict([('userdef', 'UserDefOne'), ('string', 'str')]))]))]))]),
 OrderedDict([('type', 'UserDefNested'), ('data', OrderedDict([('string0', 'str'), ('dict1', OrderedDict([('string1', 'str'), ('dict2', OrderedDict([('userdef1', 'UserDefOne'), ('string2', 'str')])), ('*dict3', OrderedDict([('userdef2', 'UserDefOne'), ('string3', 'str')]))]))]))]),
 OrderedDict([('type', 'UserDefA'), ('data', OrderedDict([('boolean', 'bool')]))]),
 OrderedDict([('type', 'UserDefB'), ('data', OrderedDict([('integer', 'int')]))]),
 OrderedDict([('type', 'UserDefC'), ('data', OrderedDict([('string1', 'str'), ('string2', 'str')]))]),
 OrderedDict([('type', 'UserDefUnionBase'), ('data', OrderedDict([('string', 'str'), ('enum1', 'EnumOne')]))]),
 OrderedDict([('type', 'UserDefOptions'), ('data', OrderedDict([('*i64', ['int']), ('*u64', ['uint64']), ('*u16', ['uint16']), ('*i64x', 'int'), ('*u64x', 'uint64')]))]),
 OrderedDict([('type', 'EventStructOne'), ('data', OrderedDict([('struct1', 'UserDefOne'), ('string', 'str'), ('*enum2', 'EnumOne')]))])]
