........................
----------------------------------------------------------------------
Ran 24 tests

OK
