......................................................
----------------------------------------------------------------------
Ran 54 tests

OK
