QA output created by 083
=== Check disconnect before neg1 ===

qemu-io: can't open device nbd:127.0.0.1:PORT:exportname=foo
no file open, try 'help open'

=== Check disconnect after neg1 ===

qemu-io: can't open device nbd:127.0.0.1:PORT:exportname=foo
no file open, try 'help open'

=== Check disconnect 8 neg1 ===

qemu-io: can't open device nbd:127.0.0.1:PORT:exportname=foo
no file open, try 'help open'

=== Check disconnect 16 neg1 ===

qemu-io: can't open device nbd:127.0.0.1:PORT:exportname=foo
no file open, try 'help open'

=== Check disconnect before export ===

qemu-io: can't open device nbd:127.0.0.1:PORT:exportname=foo
no file open, try 'help open'

=== Check disconnect after export ===

qemu-io: can't open device nbd:127.0.0.1:PORT:exportname=foo
no file open, try 'help open'

=== Check disconnect 4 export ===

qemu-io: can't open device nbd:127.0.0.1:PORT:exportname=foo
no file open, try 'help open'

=== Check disconnect 12 export ===

qemu-io: can't open device nbd:127.0.0.1:PORT:exportname=foo
no file open, try 'help open'

=== Check disconnect 16 export ===

qemu-io: can't open device nbd:127.0.0.1:PORT:exportname=foo
no file open, try 'help open'

=== Check disconnect before neg2 ===

qemu-io: can't open device nbd:127.0.0.1:PORT:exportname=foo
no file open, try 'help open'

=== Check disconnect after neg2 ===


read failed: Input/output error

=== Check disconnect 8 neg2 ===

qemu-io: can't open device nbd:127.0.0.1:PORT:exportname=foo
no file open, try 'help open'

=== Check disconnect 10 neg2 ===

qemu-io: can't open device nbd:127.0.0.1:PORT:exportname=foo
no file open, try 'help open'

=== Check disconnect before request ===


read failed: Input/output error

=== Check disconnect after request ===


read failed: Input/output error

=== Check disconnect before reply ===


read failed: Input/output error

=== Check disconnect after reply ===


read failed: Input/output error

=== Check disconnect 4 reply ===


read failed: Input/output error

=== Check disconnect 8 reply ===


read failed: Input/output error

=== Check disconnect before data ===


read failed: Input/output error

=== Check disconnect after data ===


read 512/512 bytes at offset 0
512 bytes, X ops; XX:XX:XX.X (XXX YYY/sec and XXX ops/sec)

=== Check disconnect before neg-classic ===

qemu-io: can't open device nbd:127.0.0.1:PORT
no file open, try 'help open'

=== Check disconnect 8 neg-classic ===

qemu-io: can't open device nbd:127.0.0.1:PORT
no file open, try 'help open'

=== Check disconnect 16 neg-classic ===

qemu-io: can't open device nbd:127.0.0.1:PORT
no file open, try 'help open'

=== Check disconnect 24 neg-classic ===

qemu-io: can't open device nbd:127.0.0.1:PORT
no file open, try 'help open'

=== Check disconnect 28 neg-classic ===

qemu-io: can't open device nbd:127.0.0.1:PORT
no file open, try 'help open'

=== Check disconnect after neg-classic ===


read failed: Input/output error

*** done
