QA output created by 100

== Single request ==
Formatting 'TEST_DIR/t.IMGFMT', fmt=IMGFMT size=134217728
wrote 4096/4096 bytes at offset 0
4 KiB, X ops; XX:XX:XX.X (XXX YYY/sec and XXX ops/sec)

== verify pattern ==
read 4096/4096 bytes at offset 0
4 KiB, X ops; XX:XX:XX.X (XXX YYY/sec and XXX ops/sec)
read 4096/4096 bytes at offset 4096
4 KiB, X ops; XX:XX:XX.X (XXX YYY/sec and XXX ops/sec)

== Sequential requests ==
Formatting 'TEST_DIR/t.IMGFMT', fmt=IMGFMT size=134217728
wrote 8192/8192 bytes at offset 0
8 KiB, X ops; XX:XX:XX.X (XXX YYY/sec and XXX ops/sec)

== verify pattern ==
read 4096/4096 bytes at offset 0
4 KiB, X ops; XX:XX:XX.X (XXX YYY/sec and XXX ops/sec)
read 4096/4096 bytes at offset 4096
4 KiB, X ops; XX:XX:XX.X (XXX YYY/sec and XXX ops/sec)
read 4096/4096 bytes at offset 8192
4 KiB, X ops; XX:XX:XX.X (XXX YYY/sec and XXX ops/sec)

== Superset overlapping requests ==
Formatting 'TEST_DIR/t.IMGFMT', fmt=IMGFMT size=134217728
wrote 6144/6144 bytes at offset 0
6 KiB, X ops; XX:XX:XX.X (XXX YYY/sec and XXX ops/sec)

== verify pattern ==
read 1024/1024 bytes at offset 0
1 KiB, X ops; XX:XX:XX.X (XXX YYY/sec and XXX ops/sec)
read 1024/1024 bytes at offset 3072
1 KiB, X ops; XX:XX:XX.X (XXX YYY/sec and XXX ops/sec)
read 4096/4096 bytes at offset 4096
4 KiB, X ops; XX:XX:XX.X (XXX YYY/sec and XXX ops/sec)

== Subset overlapping requests ==
Formatting 'TEST_DIR/t.IMGFMT', fmt=IMGFMT size=134217728
wrote 6144/6144 bytes at offset 1024
6 KiB, X ops; XX:XX:XX.X (XXX YYY/sec and XXX ops/sec)

== verify pattern ==
read 1024/1024 bytes at offset 0
1 KiB, X ops; XX:XX:XX.X (XXX YYY/sec and XXX ops/sec)
read 1024/1024 bytes at offset 3072
1 KiB, X ops; XX:XX:XX.X (XXX YYY/sec and XXX ops/sec)
read 4096/4096 bytes at offset 4096
4 KiB, X ops; XX:XX:XX.X (XXX YYY/sec and XXX ops/sec)

== Head overlapping requests ==
Formatting 'TEST_DIR/t.IMGFMT', fmt=IMGFMT size=134217728
wrote 6144/6144 bytes at offset 0
6 KiB, X ops; XX:XX:XX.X (XXX YYY/sec and XXX ops/sec)

== verify pattern ==
read 2048/2048 bytes at offset 2048
2 KiB, X ops; XX:XX:XX.X (XXX YYY/sec and XXX ops/sec)
read 4096/4096 bytes at offset 4096
4 KiB, X ops; XX:XX:XX.X (XXX YYY/sec and XXX ops/sec)

== Tail overlapping requests ==
Formatting 'TEST_DIR/t.IMGFMT', fmt=IMGFMT size=134217728
wrote 6144/6144 bytes at offset 2048
6 KiB, X ops; XX:XX:XX.X (XXX YYY/sec and XXX ops/sec)

== verify pattern ==
read 2048/2048 bytes at offset 0
2 KiB, X ops; XX:XX:XX.X (XXX YYY/sec and XXX ops/sec)
read 4096/4096 bytes at offset 4096
4 KiB, X ops; XX:XX:XX.X (XXX YYY/sec and XXX ops/sec)

== Disjoint requests ==
Formatting 'TEST_DIR/t.IMGFMT', fmt=IMGFMT size=134217728
wrote 8192/8192 bytes at offset 0
8 KiB, X ops; XX:XX:XX.X (XXX YYY/sec and XXX ops/sec)

== verify pattern ==
read 4096/4096 bytes at offset 0
4 KiB, X ops; XX:XX:XX.X (XXX YYY/sec and XXX ops/sec)
read 61440/61440 bytes at offset 4096
60 KiB, X ops; XX:XX:XX.X (XXX YYY/sec and XXX ops/sec)
read 4096/4096 bytes at offset 65536
4 KiB, X ops; XX:XX:XX.X (XXX YYY/sec and XXX ops/sec)
read 4096/4096 bytes at offset 69632
4 KiB, X ops; XX:XX:XX.X (XXX YYY/sec and XXX ops/sec)
*** done
